Overriding config with config/train_novel_char3.py:
# train a miniature character-level shakespeare model
# good for debugging and playing on macbooks and such

out_dir = 'out-novel-char3'
eval_interval = 250 # keep frequent because we'll overfit
eval_iters = 200
log_interval = 10 # don't print too too often

# we expect to overfit on this small dataset, so only save when val improves
always_save_checkpoint = False

wandb_log = False # override via command line if you like
wandb_project = 'novel'
wandb_run_name = 'novel'

dataset = 'novel_char3'
# gradient_accumulation_steps = 1
# gradient_accumulation_steps = 6
gradient_accumulation_steps = 12
batch_size = 12
# block_size = 256 # context of up to 256 previous characters
# block_size = 256 # context of up to 256 previous characters
block_size = 64 # context of up to 256 previous characters

# baby GPT model :)
n_layer = 6
n_head = 6
n_embd = 384
# n_embd = 182
dropout = 0.2

# learning_rate = 1e-3 # with baby networks can afford to go a bit higher
learning_rate = 1e-4 # with baby networks can afford to go a bit higher

# max_iters = 5000
# lr_decay_iters = 5000 # make equal to max_iters usually

max_iters = 500000
lr_decay_iters = 500000 # make equal to max_iters usually

min_lr = 1e-5 # learning_rate / 10 usually
beta2 = 0.99 # make a bit bigger because number of tokens per iter is small

warmup_iters = 100 # not super necessary potentially

# on macbook also add
# device = 'cpu'  # run on cpu only
# compile = False # do not torch compile the model
# init_from ='resume'


'''
python3 -u sample.py config/train_novel.py --out_dir=out-novel-word_CCM232_c85667cd6eadbcf772d23fa97827c506 --model=CCM232
python3 -u sample.py config/train_novel.py --out_dir=out-novel-word_CCM251_4bfeb7b3e1b9c46a2542bb9406173e22 --model=CCM251
python3 -u sample.py config/train_novel.py --out_dir=out-novel-word_CCM253_01b622029bb00e0dc9206cae3b0ab559 --model=CCM253 
python3 -u sample.py config/train_novel.py --out_dir=out-novel-word_CCM276_01b622029bb00e0dc9206cae3b0ab559 --model=CCM276
python3 -u sample.py config/train_novel.py --out_dir=out-novel-word_CCM278_a97bfe077b316033e3604831d5ad371e --model=CCM278
python3 -u sample.py config/train_novel.py --out_dir=out-novel-word_CCM305_52efa1def80492f81622f536ac701226 --model=CCM305


out-novel-word_CCM276_01b622029bb00e0dc9206cae3b0ab559

'''
#### python3 -u sample.py config/train_novel.py --out_dir=out-novel-word_CCM232_c85667cd6eadbcf772d23fa97827c506 --model=CCM232
Overriding: init_from = scratch
Overriding: compile = False
Overriding: model = LGT723D
Overriding: n_layer = 8
Overriding: n_head = 6
Overriding: share_layer = False
Overriding: always_save_checkpoint = True
Overriding: max_iters = 2500999
Overriding: best_val_loss_force = 10.001
Overriding: min_lr = 1e-05
Overriding: dropout = 0.0
Overriding: eval_interval = 50
Overriding: force_resave = 0
Overriding: random_seed = 3
tokens per iteration will be: 9,216
found vocab_size = 128000 (inside data/novel_char3/meta.pkl)
out_dir: out-novel-char3_LGT723D_4d06c3ce0eb6b62233f4128fdb1c3b0f
Initializing a new model from scratch
WARNING: using slow attention. Flash Attention requires PyTorch >= 2.0
WARNING: using slow attention. Flash Attention requires PyTorch >= 2.0
WARNING: using slow attention. Flash Attention requires PyTorch >= 2.0
WARNING: using slow attention. Flash Attention requires PyTorch >= 2.0
num decayed parameter tensors: 23, with 58,849,536 parameters
num non-decayed parameter tensors: 16, with 2,363,521 parameters
using fused AdamW: True
------average encoder activity 0.000
-----------average decoder density 0.0000
step 0: train loss 5.9049, val loss 5.9104
model:LGT723D iter 0: loss 6.1172, time 6091.88ms, mfu -100.00%
model:LGT723D iter 10: loss 5.4612, time 334.31ms, mfu 3.26%
model:LGT723D iter 20: loss 4.7749, time 351.58ms, mfu 3.25%
model:LGT723D iter 30: loss 4.5224, time 283.10ms, mfu 3.31%
model:LGT723D iter 40: loss 4.3930, time 398.78ms, mfu 3.25%
------average encoder activity 0.000
-----------average decoder density 0.4257
step 50: train loss 4.2212, val loss 4.2127
saving checkpoint to out-novel-char3_LGT723D_4d06c3ce0eb6b62233f4128fdb1c3b0f
model:LGT723D iter 50: loss 4.2149, time 6145.52ms, mfu 2.94%
model:LGT723D iter 60: loss 4.0325, time 333.03ms, mfu 2.98%
model:LGT723D iter 70: loss 3.8322, time 360.76ms, mfu 2.98%
model:LGT723D iter 80: loss 3.5455, time 280.38ms, mfu 3.07%
model:LGT723D iter 90: loss 3.2561, time 397.50ms, mfu 3.04%
------average encoder activity 0.002
-----------average decoder density 0.2928
step 100: train loss 2.9090, val loss 2.8901
saving checkpoint to out-novel-char3_LGT723D_4d06c3ce0eb6b62233f4128fdb1c3b0f
model:LGT723D iter 100: loss 2.9335, time 6715.05ms, mfu 2.75%
model:LGT723D iter 110: loss 2.5199, time 282.79ms, mfu 2.86%
model:LGT723D iter 120: loss 2.1756, time 355.55ms, mfu 2.88%
model:LGT723D iter 130: loss 2.0834, time 310.31ms, mfu 2.95%
model:LGT723D iter 140: loss 1.9569, time 369.55ms, mfu 2.95%
------average encoder activity 0.432
-----------average decoder density 0.2713
step 150: train loss 1.8992, val loss 1.8713
saving checkpoint to out-novel-char3_LGT723D_4d06c3ce0eb6b62233f4128fdb1c3b0f
model:LGT723D iter 150: loss 1.8885, time 6370.86ms, mfu 2.67%
model:LGT723D iter 160: loss 1.8632, time 321.35ms, mfu 2.74%
model:LGT723D iter 170: loss 1.7923, time 309.62ms, mfu 2.82%
model:LGT723D iter 180: loss 1.8392, time 364.71ms, mfu 2.84%
model:LGT723D iter 190: loss 1.8238, time 342.57ms, mfu 2.87%
------average encoder activity 0.001
-----------average decoder density 0.1887
step 200: train loss 1.7884, val loss 1.7517
saving checkpoint to out-novel-char3_LGT723D_4d06c3ce0eb6b62233f4128fdb1c3b0f
model:LGT723D iter 200: loss 1.8437, time 6451.05ms, mfu 2.60%
model:LGT723D iter 210: loss 1.8293, time 280.08ms, mfu 2.73%
model:LGT723D iter 220: loss 1.8386, time 356.72ms, mfu 2.76%
model:LGT723D iter 230: loss 1.7600, time 343.25ms, mfu 2.81%
model:LGT723D iter 240: loss 1.7251, time 334.22ms, mfu 2.85%
------average encoder activity 0.044
-----------average decoder density 0.1512
step 250: train loss 1.7522, val loss 1.7255
saving checkpoint to out-novel-char3_LGT723D_4d06c3ce0eb6b62233f4128fdb1c3b0f
model:LGT723D iter 250: loss 1.7832, time 5844.79ms, mfu 2.59%
model:LGT723D iter 260: loss 1.7606, time 366.45ms, mfu 2.62%
model:LGT723D iter 270: loss 1.7138, time 332.12ms, mfu 2.69%
model:LGT723D iter 280: loss 1.7240, time 382.12ms, mfu 2.71%
model:LGT723D iter 290: loss 1.6450, time 365.07ms, mfu 2.74%
------average encoder activity 0.249
-----------average decoder density 0.1356
step 300: train loss 1.7426, val loss 1.7029
saving checkpoint to out-novel-char3_LGT723D_4d06c3ce0eb6b62233f4128fdb1c3b0f
model:LGT723D iter 300: loss 1.7313, time 5716.79ms, mfu 2.48%
model:LGT723D iter 310: loss 1.7409, time 308.91ms, mfu 2.59%
model:LGT723D iter 320: loss 1.7098, time 374.90ms, mfu 2.62%
model:LGT723D iter 330: loss 1.7052, time 374.25ms, mfu 2.65%
model:LGT723D iter 340: loss 1.8029, time 311.64ms, mfu 2.73%
------average encoder activity 0.310
-----------average decoder density 0.1275
step 350: train loss 1.7273, val loss 1.6831
saving checkpoint to out-novel-char3_LGT723D_4d06c3ce0eb6b62233f4128fdb1c3b0f
model:LGT723D iter 350: loss 1.6605, time 5628.44ms, mfu 2.48%
model:LGT723D iter 360: loss 1.8029, time 369.06ms, mfu 2.53%
model:LGT723D iter 370: loss 1.7442, time 313.58ms, mfu 2.62%
model:LGT723D iter 380: loss 1.7594, time 347.99ms, mfu 2.67%
model:LGT723D iter 390: loss 1.7958, time 375.71ms, mfu 2.70%
------average encoder activity 0.329
-----------average decoder density 0.1205
step 400: train loss 1.7221, val loss 1.6752
saving checkpoint to out-novel-char3_LGT723D_4d06c3ce0eb6b62233f4128fdb1c3b0f
model:LGT723D iter 400: loss 1.7547, time 5540.08ms, mfu 2.45%
model:LGT723D iter 410: loss 1.6687, time 332.63ms, mfu 2.53%
model:LGT723D iter 420: loss 1.7255, time 373.68ms, mfu 2.57%
model:LGT723D iter 430: loss 1.7680, time 373.67ms, mfu 2.60%
model:LGT723D iter 440: loss 1.7870, time 311.66ms, mfu 2.69%
------average encoder activity 0.327
-----------average decoder density 0.1157
step 450: train loss 1.7125, val loss 1.6650
saving checkpoint to out-novel-char3_LGT723D_4d06c3ce0eb6b62233f4128fdb1c3b0f
model:LGT723D iter 450: loss 1.6910, time 5676.95ms, mfu 2.44%
model:LGT723D iter 460: loss 1.7220, time 374.85ms, mfu 2.49%
model:LGT723D iter 470: loss 1.7534, time 373.94ms, mfu 2.53%
model:LGT723D iter 480: loss 1.7084, time 313.79ms, mfu 2.63%
model:LGT723D iter 490: loss 1.7166, time 374.27ms, mfu 2.66%
------average encoder activity 0.323
-----------average decoder density 0.1090
step 500: train loss 1.7046, val loss 1.6593
saving checkpoint to out-novel-char3_LGT723D_4d06c3ce0eb6b62233f4128fdb1c3b0f
model:LGT723D iter 500: loss 1.6609, time 5866.23ms, mfu 2.41%
model:LGT723D iter 510: loss 1.7208, time 323.28ms, mfu 2.51%
model:LGT723D iter 520: loss 1.6615, time 332.98ms, mfu 2.58%
model:LGT723D iter 530: loss 1.6178, time 367.89ms, mfu 2.62%
model:LGT723D iter 540: loss 1.7286, time 281.14ms, mfu 2.75%
------average encoder activity 0.321
-----------average decoder density 0.1052
step 550: train loss 1.6964, val loss 1.6561
saving checkpoint to out-novel-char3_LGT723D_4d06c3ce0eb6b62233f4128fdb1c3b0f
model:LGT723D iter 550: loss 1.7161, time 6348.39ms, mfu 2.49%
model:LGT723D iter 560: loss 1.6881, time 372.23ms, mfu 2.53%
model:LGT723D iter 570: loss 1.6735, time 366.83ms, mfu 2.58%
model:LGT723D iter 580: loss 1.7065, time 284.37ms, mfu 2.70%
model:LGT723D iter 590: loss 1.6880, time 324.23ms, mfu 2.77%
------average encoder activity 0.314
-----------average decoder density 0.1008
step 600: train loss 1.6820, val loss 1.6437
saving checkpoint to out-novel-char3_LGT723D_4d06c3ce0eb6b62233f4128fdb1c3b0f
model:LGT723D iter 600: loss 1.6662, time 6268.95ms, mfu 2.51%
model:LGT723D iter 610: loss 1.7112, time 369.29ms, mfu 2.56%
model:LGT723D iter 620: loss 1.6952, time 317.58ms, mfu 2.64%
model:LGT723D iter 630: loss 1.6920, time 326.45ms, mfu 2.71%
model:LGT723D iter 640: loss 1.6416, time 318.73ms, mfu 2.78%
------average encoder activity 0.307
-----------average decoder density 0.0952
step 650: train loss 1.6819, val loss 1.6329
saving checkpoint to out-novel-char3_LGT723D_4d06c3ce0eb6b62233f4128fdb1c3b0f
model:LGT723D iter 650: loss 1.7150, time 6692.07ms, mfu 2.52%
model:LGT723D iter 660: loss 1.7088, time 367.29ms, mfu 2.57%
model:LGT723D iter 670: loss 1.6265, time 344.50ms, mfu 2.63%
model:LGT723D iter 680: loss 1.6180, time 281.49ms, mfu 2.75%
model:LGT723D iter 690: loss 1.7353, time 381.54ms, mfu 2.76%
------average encoder activity 0.298
-----------average decoder density 0.0916
step 700: train loss 1.6661, val loss 1.6298
saving checkpoint to out-novel-char3_LGT723D_4d06c3ce0eb6b62233f4128fdb1c3b0f
model:LGT723D iter 700: loss 1.7346, time 6498.78ms, mfu 2.50%
model:LGT723D iter 710: loss 1.7137, time 331.41ms, mfu 2.58%
model:LGT723D iter 720: loss 1.7070, time 321.51ms, mfu 2.66%
model:LGT723D iter 730: loss 1.6401, time 366.02ms, mfu 2.70%
model:LGT723D iter 740: loss 1.6509, time 311.25ms, mfu 2.78%
------average encoder activity 0.283
-----------average decoder density 0.0867
step 750: train loss 1.6645, val loss 1.6213
saving checkpoint to out-novel-char3_LGT723D_4d06c3ce0eb6b62233f4128fdb1c3b0f
model:LGT723D iter 750: loss 1.6496, time 6640.80ms, mfu 2.52%
model:LGT723D iter 760: loss 1.6911, time 319.50ms, mfu 2.61%
model:LGT723D iter 770: loss 1.6515, time 322.99ms, mfu 2.68%
model:LGT723D iter 780: loss 1.6901, time 333.44ms, mfu 2.74%
model:LGT723D iter 790: loss 1.6190, time 370.11ms, mfu 2.76%
------average encoder activity 0.274
-----------average decoder density 0.0843
step 800: train loss 1.6473, val loss 1.6092
saving checkpoint to out-novel-char3_LGT723D_4d06c3ce0eb6b62233f4128fdb1c3b0f
model:LGT723D iter 800: loss 1.6448, time 5821.65ms, mfu 2.50%
model:LGT723D iter 810: loss 1.6605, time 323.41ms, mfu 2.59%
model:LGT723D iter 820: loss 1.6634, time 321.70ms, mfu 2.67%
model:LGT723D iter 830: loss 1.5677, time 374.98ms, mfu 2.70%
model:LGT723D iter 840: loss 1.5681, time 279.63ms, mfu 2.82%
------average encoder activity 0.266
-----------average decoder density 0.0809
step 850: train loss 1.6428, val loss 1.6047
saving checkpoint to out-novel-char3_LGT723D_4d06c3ce0eb6b62233f4128fdb1c3b0f
model:LGT723D iter 850: loss 1.6903, time 6146.75ms, mfu 2.55%
model:LGT723D iter 860: loss 1.6654, time 315.48ms, mfu 2.64%
model:LGT723D iter 870: loss 1.6478, time 369.72ms, mfu 2.67%
model:LGT723D iter 880: loss 1.5957, time 288.72ms, mfu 2.78%
model:LGT723D iter 890: loss 1.5365, time 325.93ms, mfu 2.84%
------average encoder activity 0.262
-----------average decoder density 0.0790
step 900: train loss 1.6259, val loss 1.5881
saving checkpoint to out-novel-char3_LGT723D_4d06c3ce0eb6b62233f4128fdb1c3b0f
model:LGT723D iter 900: loss 1.6329, time 6638.29ms, mfu 2.57%
model:LGT723D iter 910: loss 1.7126, time 367.20ms, mfu 2.61%
model:LGT723D iter 920: loss 1.6830, time 284.79ms, mfu 2.74%
model:LGT723D iter 930: loss 1.5504, time 324.82ms, mfu 2.80%
model:LGT723D iter 940: loss 1.6669, time 374.51ms, mfu 2.81%
------average encoder activity 0.261
-----------average decoder density 0.0769
step 950: train loss 1.6000, val loss 1.5639
saving checkpoint to out-novel-char3_LGT723D_4d06c3ce0eb6b62233f4128fdb1c3b0f
model:LGT723D iter 950: loss 1.5296, time 6921.11ms, mfu 2.54%
model:LGT723D iter 960: loss 1.5870, time 281.89ms, mfu 2.68%
model:LGT723D iter 970: loss 1.6087, time 325.26ms, mfu 2.74%
model:LGT723D iter 980: loss 1.5765, time 334.60ms, mfu 2.80%
model:LGT723D iter 990: loss 1.6170, time 317.02ms, mfu 2.86%
------average encoder activity 0.260
-----------average decoder density 0.0750
step 1000: train loss 1.5933, val loss 1.5603
saving checkpoint to out-novel-char3_LGT723D_4d06c3ce0eb6b62233f4128fdb1c3b0f
model:LGT723D iter 1000: loss 1.6123, time 6674.23ms, mfu 2.59%
model:LGT723D iter 1010: loss 1.5953, time 321.78ms, mfu 2.67%
model:LGT723D iter 1020: loss 1.5696, time 323.12ms, mfu 2.74%
model:LGT723D iter 1030: loss 1.5465, time 373.06ms, mfu 2.76%
model:LGT723D iter 1040: loss 1.4356, time 373.70ms, mfu 2.78%
------average encoder activity 0.254
-----------average decoder density 0.0740
step 1050: train loss 1.5864, val loss 1.5432
saving checkpoint to out-novel-char3_LGT723D_4d06c3ce0eb6b62233f4128fdb1c3b0f
model:LGT723D iter 1050: loss 1.5800, time 6450.64ms, mfu 2.52%
model:LGT723D iter 1060: loss 1.5825, time 281.01ms, mfu 2.65%
model:LGT723D iter 1070: loss 1.5356, time 377.84ms, mfu 2.68%
model:LGT723D iter 1080: loss 1.5806, time 325.10ms, mfu 2.74%
model:LGT723D iter 1090: loss 1.5306, time 375.91ms, mfu 2.76%
------average encoder activity 0.253
-----------average decoder density 0.0770
step 1100: train loss 1.5727, val loss 1.5400
saving checkpoint to out-novel-char3_LGT723D_4d06c3ce0eb6b62233f4128fdb1c3b0f
model:LGT723D iter 1100: loss 1.6166, time 5874.20ms, mfu 2.50%
model:LGT723D iter 1110: loss 1.6048, time 377.18ms, mfu 2.54%
model:LGT723D iter 1120: loss 1.4839, time 319.72ms, mfu 2.63%
model:LGT723D iter 1130: loss 1.5771, time 379.02ms, mfu 2.65%
model:LGT723D iter 1140: loss 1.6714, time 399.48ms, mfu 2.66%
------average encoder activity 0.251
-----------average decoder density 0.0740
step 1150: train loss 1.5633, val loss 1.5284
saving checkpoint to out-novel-char3_LGT723D_4d06c3ce0eb6b62233f4128fdb1c3b0f
model:LGT723D iter 1150: loss 1.5765, time 6212.49ms, mfu 2.41%
model:LGT723D iter 1160: loss 1.6099, time 395.90ms, mfu 2.45%
model:LGT723D iter 1170: loss 1.5882, time 371.12ms, mfu 2.50%
model:LGT723D iter 1180: loss 1.5680, time 322.04ms, mfu 2.59%
model:LGT723D iter 1190: loss 1.5826, time 394.11ms, mfu 2.60%
------average encoder activity 0.245
-----------average decoder density 0.0750
step 1200: train loss 1.5620, val loss 1.5119
saving checkpoint to out-novel-char3_LGT723D_4d06c3ce0eb6b62233f4128fdb1c3b0f
model:LGT723D iter 1200: loss 1.6250, time 5772.18ms, mfu 2.36%
model:LGT723D iter 1210: loss 1.6042, time 321.54ms, mfu 2.47%
model:LGT723D iter 1220: loss 1.5437, time 400.50ms, mfu 2.49%
model:LGT723D iter 1230: loss 1.6178, time 315.57ms, mfu 2.59%
model:LGT723D iter 1240: loss 1.4639, time 359.70ms, mfu 2.63%
------average encoder activity 0.249
-----------average decoder density 0.0766
step 1250: train loss 1.5514, val loss 1.5113
saving checkpoint to out-novel-char3_LGT723D_4d06c3ce0eb6b62233f4128fdb1c3b0f
model:LGT723D iter 1250: loss 1.6528, time 5897.33ms, mfu 2.39%
model:LGT723D iter 1260: loss 1.5754, time 377.31ms, mfu 2.44%
model:LGT723D iter 1270: loss 1.5520, time 316.05ms, mfu 2.54%
model:LGT723D iter 1280: loss 1.5334, time 393.17ms, mfu 2.56%
model:LGT723D iter 1290: loss 1.5062, time 332.69ms, mfu 2.64%
------average encoder activity 0.249
-----------average decoder density 0.0789
step 1300: train loss 1.5432, val loss 1.5019
saving checkpoint to out-novel-char3_LGT723D_4d06c3ce0eb6b62233f4128fdb1c3b0f
model:LGT723D iter 1300: loss 1.5519, time 6347.11ms, mfu 2.39%
model:LGT723D iter 1310: loss 1.5241, time 310.99ms, mfu 2.50%
model:LGT723D iter 1320: loss 1.5139, time 377.64ms, mfu 2.54%
model:LGT723D iter 1330: loss 1.4923, time 277.91ms, mfu 2.68%
model:LGT723D iter 1340: loss 1.5398, time 317.71ms, mfu 2.75%
------average encoder activity 0.250
-----------average decoder density 0.0766
step 1350: train loss 1.5363, val loss 1.4980
saving checkpoint to out-novel-char3_LGT723D_4d06c3ce0eb6b62233f4128fdb1c3b0f
model:LGT723D iter 1350: loss 1.5284, time 6456.55ms, mfu 2.50%
model:LGT723D iter 1360: loss 1.6142, time 371.34ms, mfu 2.54%
model:LGT723D iter 1370: loss 1.4729, time 315.69ms, mfu 2.63%
model:LGT723D iter 1380: loss 1.6014, time 321.86ms, mfu 2.71%
model:LGT723D iter 1390: loss 1.4401, time 318.25ms, mfu 2.78%
------average encoder activity 0.250
-----------average decoder density 0.0821
step 1400: train loss 1.5286, val loss 1.4823
saving checkpoint to out-novel-char3_LGT723D_4d06c3ce0eb6b62233f4128fdb1c3b0f
model:LGT723D iter 1400: loss 1.5335, time 6612.24ms, mfu 2.52%
model:LGT723D iter 1410: loss 1.4959, time 337.24ms, mfu 2.59%
model:LGT723D iter 1420: loss 1.5299, time 323.05ms, mfu 2.67%
model:LGT723D iter 1430: loss 1.6511, time 324.14ms, mfu 2.74%
model:LGT723D iter 1440: loss 1.5205, time 311.82ms, mfu 2.81%
------average encoder activity 0.247
-----------average decoder density 0.0806
step 1450: train loss 1.5218, val loss 1.4711
saving checkpoint to out-novel-char3_LGT723D_4d06c3ce0eb6b62233f4128fdb1c3b0f
model:LGT723D iter 1450: loss 1.6002, time 6537.31ms, mfu 2.55%
model:LGT723D iter 1460: loss 1.4603, time 324.36ms, mfu 2.63%
model:LGT723D iter 1470: loss 1.5487, time 282.57ms, mfu 2.75%
model:LGT723D iter 1480: loss 1.5648, time 370.23ms, mfu 2.77%
model:LGT723D iter 1490: loss 1.5270, time 366.37ms, mfu 2.79%
------average encoder activity 0.248
-----------average decoder density 0.0812
step 1500: train loss 1.5139, val loss 1.4670
saving checkpoint to out-novel-char3_LGT723D_4d06c3ce0eb6b62233f4128fdb1c3b0f
model:LGT723D iter 1500: loss 1.5805, time 6567.67ms, mfu 2.53%
model:LGT723D iter 1510: loss 1.4929, time 281.19ms, mfu 2.67%
model:LGT723D iter 1520: loss 1.5159, time 309.09ms, mfu 2.75%
model:LGT723D iter 1530: loss 1.5345, time 373.90ms, mfu 2.77%
model:LGT723D iter 1540: loss 1.5133, time 318.75ms, mfu 2.83%
------average encoder activity 0.245
-----------average decoder density 0.0849
step 1550: train loss 1.5041, val loss 1.4507
saving checkpoint to out-novel-char3_LGT723D_4d06c3ce0eb6b62233f4128fdb1c3b0f
model:LGT723D iter 1550: loss 1.5753, time 6411.08ms, mfu 2.57%
model:LGT723D iter 1560: loss 1.5005, time 325.53ms, mfu 2.65%
model:LGT723D iter 1570: loss 1.4267, time 332.06ms, mfu 2.71%
model:LGT723D iter 1580: loss 1.4800, time 378.08ms, mfu 2.73%
model:LGT723D iter 1590: loss 1.6255, time 368.65ms, mfu 2.75%
------average encoder activity 0.249
-----------average decoder density 0.0817
step 1600: train loss 1.5037, val loss 1.4618
saving checkpoint to out-novel-char3_LGT723D_4d06c3ce0eb6b62233f4128fdb1c3b0f
model:LGT723D iter 1600: loss 1.5781, time 6074.62ms, mfu 2.49%
model:LGT723D iter 1610: loss 1.5655, time 314.93ms, mfu 2.59%
model:LGT723D iter 1620: loss 1.4514, time 387.84ms, mfu 2.61%
model:LGT723D iter 1630: loss 1.4550, time 376.73ms, mfu 2.64%
model:LGT723D iter 1640: loss 1.5078, time 325.37ms, mfu 2.71%
------average encoder activity 0.251
-----------average decoder density 0.0847
step 1650: train loss 1.4930, val loss 1.4506
saving checkpoint to out-novel-char3_LGT723D_4d06c3ce0eb6b62233f4128fdb1c3b0f
model:LGT723D iter 1650: loss 1.5326, time 5742.78ms, mfu 2.46%
model:LGT723D iter 1660: loss 1.5047, time 370.75ms, mfu 2.51%
model:LGT723D iter 1670: loss 1.4187, time 325.48ms, mfu 2.59%
model:LGT723D iter 1680: loss 1.5270, time 375.21ms, mfu 2.62%
model:LGT723D iter 1690: loss 1.5236, time 373.98ms, mfu 2.65%
------average encoder activity 0.254
-----------average decoder density 0.0835
step 1700: train loss 1.4916, val loss 1.4444
saving checkpoint to out-novel-char3_LGT723D_4d06c3ce0eb6b62233f4128fdb1c3b0f
model:LGT723D iter 1700: loss 1.4526, time 5580.01ms, mfu 2.41%
model:LGT723D iter 1710: loss 1.4822, time 333.30ms, mfu 2.49%
model:LGT723D iter 1720: loss 1.5302, time 364.84ms, mfu 2.54%
model:LGT723D iter 1730: loss 1.4983, time 366.92ms, mfu 2.59%
model:LGT723D iter 1740: loss 1.4927, time 320.99ms, mfu 2.67%
------average encoder activity 0.253
-----------average decoder density 0.0874
step 1750: train loss 1.4881, val loss 1.4368
saving checkpoint to out-novel-char3_LGT723D_4d06c3ce0eb6b62233f4128fdb1c3b0f
Traceback (most recent call last):
  File "/root/miniconda3/lib/python3.8/site-packages/torch/serialization.py", line 441, in save
    _save(obj, opened_zipfile, pickle_module, pickle_protocol)
  File "/root/miniconda3/lib/python3.8/site-packages/torch/serialization.py", line 668, in _save
    zip_file.write_record(name, storage.data_ptr(), num_bytes)
RuntimeError: [enforce fail at inline_container.cc:471] . PytorchStreamWriter failed writing file data/40: file write failed

During handling of the above exception, another exception occurred:

Traceback (most recent call last):
  File "train.py", line 336, in <module>
    torch.save(checkpoint, os.path.join(out_dir, 'ckpt.pt'))
  File "/root/miniconda3/lib/python3.8/site-packages/torch/serialization.py", line 442, in save
    return
  File "/root/miniconda3/lib/python3.8/site-packages/torch/serialization.py", line 291, in __exit__
    self.file_like.write_end_of_file()
RuntimeError: [enforce fail at inline_container.cc:337] . unexpected pos 256707008 vs 256706960
